// Jest Snapshot v1, https://goo.gl/fbAQLP

exports[`PageHeaderExample renders the storybook example 1`] = `
.emotion-30 {
  width: 100%;
  color: #ffffff;
  background: #0b0c0c;
}

.emotion-28 {
  display: -webkit-box;
  display: -webkit-flex;
  display: -ms-flexbox;
  display: flex;
  -webkit-box-pack: justify;
  -webkit-justify-content: space-between;
  -ms-flex-pack: justify;
  justify-content: space-between;
  -webkit-align-items: center;
  -webkit-box-align: center;
  -ms-flex-align: center;
  align-items: center;
  padding-left: 30px;
  padding-right: 30px;
}

.emotion-6 {
  padding: 10px;
}

.emotion-0 {
  font-size: 30px;
  line-height: 30px;
  font-weight: 700;
  display: -webkit-box;
  display: -webkit-flex;
  display: -ms-flexbox;
  display: flex;
  padding: 5px;
  color: #ffffff;
  -webkit-text-decoration: none;
  text-decoration: none;
}

.emotion-0:hover {
  -webkit-text-decoration: underline;
  text-decoration: underline;
}

.emotion-0:focus {
  outline: none;
  color: #0b0c0c;
  background: #ffbf47;
}

.emotion-26 {
  padding-top: 15px;
  padding-bottom: 15px;
}

.emotion-8 {
  font-size: 16px;
  font-weight: 700;
  line-height: 1.25;
  display: -webkit-box;
  display: -webkit-flex;
  display: -ms-flexbox;
  display: flex;
  padding: 5px;
  color: #ffffff;
  -webkit-text-decoration: none;
  text-decoration: none;
}

.emotion-8:hover {
  -webkit-text-decoration: underline;
  text-decoration: underline;
}

.emotion-8:focus {
  outline: none;
  color: #0b0c0c;
  background: #ffbf47;
}

<PageHeaderExample>
  <BrowserRouter>
    <Router
      history={
        Object {
          "action": "POP",
          "block": [Function],
          "createHref": [Function],
          "go": [Function],
          "goBack": [Function],
          "goForward": [Function],
          "length": 1,
          "listen": [Function],
          "location": Object {
            "hash": "",
            "pathname": "/",
            "search": "",
            "state": undefined,
          },
          "push": [Function],
          "replace": [Function],
        }
      }
    >
      <PageHeader
        logo={
          <Unknown
            to="/"
          >
            Logo text
          </Unknown>
        }
      >
        <StyledPageHeader>
          <header
            className="emotion-30 emotion-31"
          >
            <InnerContainer>
              <div
                className="emotion-28 emotion-29"
              >
                <LogoContainer>
                  <div
                    className="emotion-6 emotion-7"
                  >
                    <Component
                      to="/"
                    >
                      <NavLinkWithProp
                        activeProp="active"
                        to="/"
                      >
                        <Route
                          path="\\\\/"
                        >
                          <LogoAnchor
                            active={true}
                            as={[Function]}
                            to="/"
                          >
                            <Component
                              active={true}
                              as={[Function]}
                              className="emotion-0 emotion-1"
                              to="/"
                            >
                              <Link
                                className="emotion-0 emotion-1"
                                replace={false}
                                to="/"
                              >
                                <a
                                  className="emotion-0 emotion-1"
                                  href="/"
                                  onClick={[Function]}
                                >
                                  Logo text
                                </a>
                              </Link>
                            </Component>
                          </LogoAnchor>
                        </Route>
                      </NavLinkWithProp>
                    </Component>
                  </div>
                </LogoContainer>
                <NavigationContainer>
                  <div
                    className="emotion-26 emotion-27"
                  >
                    <Component
                      exact={true}
                      to="/"
                    >
                      <NavLinkWithProp
                        activeProp="active"
                        exact={true}
                        to="/"
                      >
                        <Route
                          exact={true}
                          path="\\\\/"
                        >
                          <NavAnchor
                            active={true}
                            as={[Function]}
                            to="/"
                          >
                            <Component
                              active={true}
                              as={[Function]}
                              className="emotion-8 emotion-9"
                              to="/"
                            >
                              <Link
                                className="emotion-8 emotion-9"
                                replace={false}
                                to="/"
                              >
                                <a
                                  className="emotion-8 emotion-9"
                                  href="/"
                                  onClick={[Function]}
                                >
                                  Home
                                </a>
                              </Link>
                            </Component>
                          </NavAnchor>
                        </Route>
                      </NavLinkWithProp>
                    </Component>
                    <Component
                      to="/account"
                    >
                      <NavLinkWithProp
                        activeProp="active"
                        to="/account"
                      >
                        <Route
                          path="\\\\/account"
                        >
                          <NavAnchor
                            active={false}
                            as={[Function]}
                            to="/account"
                          >
                            <Component
                              active={false}
                              as={[Function]}
                              className="emotion-8 emotion-9"
                              to="/account"
                            >
                              <Link
                                className="emotion-8 emotion-9"
                                replace={false}
                                to="/account"
                              >
                                <a
                                  className="emotion-8 emotion-9"
                                  href="/account"
                                  onClick={[Function]}
                                >
                                  My Account
                                </a>
                              </Link>
                            </Component>
                          </NavAnchor>
                        </Route>
                      </NavLinkWithProp>
                    </Component>
                    <Component
                      to="/account/subsection"
                    >
                      <NavLinkWithProp
                        activeProp="active"
                        to="/account/subsection"
                      >
                        <Route
                          path="\\\\/account\\\\/subsection"
                        >
                          <NavAnchor
                            active={false}
                            as={[Function]}
                            to="/account/subsection"
                          >
                            <Component
                              active={false}
                              as={[Function]}
                              className="emotion-8 emotion-9"
                              to="/account/subsection"
                            >
                              <Link
                                className="emotion-8 emotion-9"
                                replace={false}
                                to="/account/subsection"
                              >
                                <a
                                  className="emotion-8 emotion-9"
                                  href="/account/subsection"
                                  onClick={[Function]}
                                >
                                   - Account subsection
                                </a>
                              </Link>
                            </Component>
                          </NavAnchor>
                        </Route>
                      </NavLinkWithProp>
                    </Component>
                  </div>
                </NavigationContainer>
              </div>
            </InnerContainer>
          </header>
        </StyledPageHeader>
      </PageHeader>
    </Router>
  </BrowserRouter>
</PageHeaderExample>
`;
