// Jest Snapshot v1, https://goo.gl/fbAQLP

exports[`RemoveButton matches snapshot 1`] = `
.c0 {
  background-color: #0C60A2;
  border: 0;
  color: #fff;
  font-family: "nta",Arial,sans-serif;
  font-size: 11px;
  font-weight: 400;
  height: 20px;
  line-height: normal;
  margin: 0 12px;
  padding: 0;
  width: 20px;
}

.c0:first-child {
  margin: 0;
}

<RemoveButton>
  <styled.button>
    <StyledComponent
      forwardedComponent={
        Object {
          "$$typeof": Symbol(react.forward_ref),
          "attrs": Array [],
          "componentStyle": ComponentStyle {
            "componentId": "sc-bdVaJa",
            "isStatic": true,
            "lastClassName": "c0",
            "rules": Array [
              "&:first-child {
  margin: 0;
} background-color: #0C60A2; border: 0; color: #fff; font-family: \\"nta\\", Arial, sans-serif; font-size: 11px; font-weight: 400; height: 20px; line-height: normal; margin: 0 12px; padding: 0; width: 20px;",
            ],
          },
          "displayName": "styled.button",
          "foldedComponentIds": Array [],
          "render": [Function],
          "styledComponentId": "sc-bdVaJa",
          "target": "button",
          "toString": [Function],
          "warnTooManyClasses": [Function],
          "withComponent": [Function],
        }
      }
      forwardedRef={null}
    >
      <button
        className="c0"
      >
        X
      </button>
    </StyledComponent>
  </styled.button>
</RemoveButton>
`;
