// Jest Snapshot v1, https://goo.gl/fbAQLP

exports[`HeaderButton matches snapshot 1`] = `
.c0 {
  background: none;
  border-bottom: 4px solid transparent;
  border-left: none;
  border-right: none;
  border-top: 4px solid transparent;
  display: inline-block;
  font-family: "nta",Arial,sans-serif;
  font-size: 18px;
  font-weight: bold;
  min-width: 190px;
  padding: 8px;
  text-align: center;
  border-bottom-color: #005ea5;
  border-top-color: #005ea5;
  color: #005ea5;
}

.c0:focus {
  background: #ffbf47;
  outline: 1px solid #ffbf47;
}

.c0:hover {
  border-bottom-color: #2b8cc4;
  border-top-color: #2b8cc4;
}

<HeaderButton
  active={true}
>
  <styled.button
    active={true}
  >
    <StyledComponent
      active={true}
      forwardedComponent={
        Object {
          "$$typeof": Symbol(react.forward_ref),
          "attrs": Array [],
          "componentStyle": ComponentStyle {
            "componentId": "sc-bdVaJa",
            "isStatic": false,
            "lastClassName": "c0",
            "rules": Array [
              "background: none; border-bottom: 4px solid transparent; border-left: none; border-right: none; border-top: 4px solid transparent; display: inline-block; font-family: \\"nta\\", Arial, sans-serif; font-size: 18px; font-weight: bold; min-width: 190px; padding: 8px; text-align: center;",
              [Function],
              [Function],
            ],
          },
          "displayName": "styled.button",
          "foldedComponentIds": Array [],
          "render": [Function],
          "styledComponentId": "sc-bdVaJa",
          "target": "button",
          "toString": [Function],
          "warnTooManyClasses": [Function],
          "withComponent": [Function],
        }
      }
      forwardedRef={null}
    >
      <button
        className="c0"
      />
    </StyledComponent>
  </styled.button>
</HeaderButton>
`;
